
> starter_helpi@0.1.0 test
> react-scripts test --coverage

FAIL src/App.test.tsx
  ● Test suite failed to run

    Cannot find module 'react-router-dom' from 'src/App.tsx'

    Require stack:
      src/App.tsx
      src/App.test.tsx

    [0m[31m[1m>[22m[39m[90m 1 |[39m [36mimport[39m { [33mHashRouter[39m[33m,[39m [33mRoute[39m[33m,[39m [33mRoutes[39m } [36mfrom[39m [32m"react-router-dom"[39m[33m;[39m
     [90m   |[39m [31m[1m^[22m[39m
     [90m 2 |[39m [36mimport[39m [33mHome[39m [36mfrom[39m [32m"./pages/Home"[39m[33m;[39m
     [90m 3 |[39m [36mimport[39m [33mBasicAssessment[39m [36mfrom[39m [32m"./pages/BasicAssessment"[39m[33m;[39m
     [90m 4 |[39m [36mimport[39m [33mNotFound[39m [36mfrom[39m [32m"./pages/NotFound"[39m[33m;[39m[0m

      at Resolver.resolveModule (node_modules/jest-resolve/build/resolver.js:324:11)
      at Object.<anonymous> (src/App.tsx:1:1)
      at Object.<anonymous> (src/App.test.tsx:3:1)
      at TestScheduler.scheduleTests (node_modules/@jest/core/build/TestScheduler.js:333:13)
      at runJest (node_modules/@jest/core/build/runJest.js:404:19)
      at _run10000 (node_modules/@jest/core/build/cli/index.js:320:7)
      at runCLI (node_modules/@jest/core/build/cli/index.js:173:3)

-------------------------|---------|----------|---------|---------|-------------------
File                     | % Stmts | % Branch | % Funcs | % Lines | Uncovered Line #s 
-------------------------|---------|----------|---------|---------|-------------------
All files                |       0 |        0 |       0 |       0 |                   
 src                     |       0 |        0 |       0 |       0 |                   
  App.tsx                |       0 |      100 |       0 |       0 | 8                 
  index.tsx              |       0 |      100 |     100 |       0 | 7-19              
  reportWebVitals.ts     |       0 |        0 |       0 |       0 | 3-10              
 src/api-functions       |       0 |      100 |       0 |       0 |                   
  api-functions.ts       |       0 |      100 |       0 |       0 | 10-39             
 src/components          |       0 |        0 |       0 |       0 |                   
  Loading.tsx            |       0 |      100 |       0 |       0 | 5                 
  NavButton.tsx          |       0 |      100 |       0 |       0 | 11-16             
  Navbar.tsx             |       0 |      100 |       0 |       0 | 5                 
  ProgressBar.tsx        |       0 |        0 |       0 |       0 | 14-26             
  UserKeyInput.tsx       |       0 |        0 |       0 |       0 | 7-27              
 src/pages               |       0 |        0 |       0 |       0 |                   
  BasicAssessment.tsx    |       0 |        0 |       0 |       0 | 14-235            
  DetailedAssessment.tsx |       0 |        0 |       0 |       0 | 12-165            
  Home.tsx               |       0 |      100 |       0 |       0 | 8-61              
  NotFound.tsx           |       0 |      100 |       0 |       0 | 6-17              
-------------------------|---------|----------|---------|---------|-------------------
Test Suites: 1 failed, 1 total
Tests:       0 total
Snapshots:   0 total
Time:        2.727 s
Ran all test suites.
